STEP 1 hash-verify supplied patch
patch_sha256=2dfcdd21a4c6def599d0e06f55fc42e6fd5e3dd94800c49ca375a4cffdb81345
STEP 2 copy locked authoritative baseline
BASE_COPY AGENT_PROGRESS.md ce838d849b8f6e76aa7d185a6b9722b833f71e02cf200507a3f541f4bee572dd
BASE_COPY consume_matrix_runner.py e11de06b69eb70c621bec788f13824c0de1491dd9d84d0b9e800d9a5115ad0c8
BASE_COPY evaluation-rubric.json 4024170d23f22c423d5b03236874f1ad88cf5cf23db287be39ac819a8050d9cc
BASE_COPY HARNESS_DESIGN.md 55004b1e326fbe3cd4c050ca5f77ec346c678569124c8d016226fe4b65811d58
BASE_COPY INVENTORY.md 2575932e6e70922769cc4670871ef633038453986d04548cefa89b59f0666181
BASE_COPY manifest.pending.json f0eb6d32e89a96e4d59cdbda8dbf4e7592ac72cc2228be1f67f894bc0ea8fff3
BASE_COPY schemas\derived-result.schema.json 4fdff4d40913d83ce53795bbf7c8ed5236d982baf15ae6b61496562c485ddd26
BASE_COPY schemas\raw-result.schema.json ae36bd89b7757862e9834d15bcb20ad179b8e8e11e1528c19b19184c78a402e7
base_file_count=8
STEP 3 verify locked base hashes
BASE_LOCK_OK consume_matrix_runner.py e11de06b69eb70c621bec788f13824c0de1491dd9d84d0b9e800d9a5115ad0c8
BASE_LOCK_OK evaluation-rubric.json 4024170d23f22c423d5b03236874f1ad88cf5cf23db287be39ac819a8050d9cc
BASE_LOCK_OK manifest.pending.json f0eb6d32e89a96e4d59cdbda8dbf4e7592ac72cc2228be1f67f894bc0ea8fff3
BASE_LOCK_OK schemas/derived-result.schema.json 4fdff4d40913d83ce53795bbf7c8ed5236d982baf15ae6b61496562c485ddd26
BASE_LOCK_OK schemas/raw-result.schema.json ae36bd89b7757862e9834d15bcb20ad179b8e8e11e1528c19b19184c78a402e7
BASE_LOCK_OK HARNESS_DESIGN.md 55004b1e326fbe3cd4c050ca5f77ec346c678569124c8d016226fe4b65811d58
STEP 4 git apply --check verified patch
apply_check=passed
STEP 5 apply patch only to copied bundle
apply=passed
STEP 6 compare completed overlay files
OVERLAY_OK consume_matrix_runner.py ce205bc47d88f38d3f75c4f7f6e752b4ed94e5ef325b738b3c8baf744889d273
OVERLAY_OK evaluation-rubric.json 00c7397a76d08d7f431994c649a1ace6384b0a663a0f46a66065bf52041e63ed
OVERLAY_OK evidence\ACTIONABLE_POLICY_FAILURE_AUDIT.md a46099c8a187fbca985300097f962561c5d6c2c9b6fe4b921b03c7a436e6923a
OVERLAY_OK evidence\AIS02_SEMANTIC_DECISION.json 21554676fd12f95a1dc9fddb044aa74da4351897e40e021d484e6698000b8912
OVERLAY_OK evidence\manifest-v1.snapshot.json f0eb6d32e89a96e4d59cdbda8dbf4e7592ac72cc2228be1f67f894bc0ea8fff3
OVERLAY_OK evidence\rubric-v1.snapshot.json 4024170d23f22c423d5b03236874f1ad88cf5cf23db287be39ac819a8050d9cc
OVERLAY_OK evidence\source.snapshot.json 01171368268bfb5c9e8bac8b8852f5bb67f6524624dd24154949978afa390c1c
OVERLAY_OK manifest.pending.json 82cfaa7a4e91031f8b7b2e441d0aba91f7ced2e323eb7a2552846116f7bd73bf
OVERLAY_OK migrate_rubric_provenance.py ec21d0b464772ab3d01f8128da71ed90b5263f51f52c889fb6e7321b7e01b8c8
OVERLAY_OK PROVENANCE_INTEGRATION.md f22d4312e7c7728f091d0152990f71946407a1f34289776a97015fe97bfea11a
OVERLAY_OK RUBRIC_MIGRATION_V2.md d12f6f3082c65781069b5e6b012c6d233f896309e75cb74f21c83861c1f6ec40
OVERLAY_OK rubric_provenance.py b61feba7078168fc3edf22abd85cdd0e31ad31c665271c85ce89f617fa60a267
OVERLAY_OK schemas\derived-result.schema.json ec709090d70b03a5a7da77fc444f4416a8d82d3c0e2e81b37beea837f18d7167
OVERLAY_OK SOURCE_LOCK.json 8b4513778fafb370c2f925a7b1823e59a6c73c866e429994b9ee26d2433fb0e7
OVERLAY_OK tests\test_rubric_provenance_integration.py e2f5979a52b6b02744bce952c3ab269c7b172085b73cf3df93b4d1fc5aa85e7e
OVERLAY_OK verify_source_lock.py 37a7da3e69e21fb90879cddc5f525b5f23633ef2296eda928183dd3ee3497e75
overlay_files=16 exact_matches=16
STEP 7 preserve verified patch
OVERLAY_ADOPTION_COMPLETE
